Ôû▓ Next.js 16.1.6 (Turbopack)

  Creating an optimized production build ...
node.exe : Error: Cannot apply unknown 
utility class `glass`
At C:\Program Files\nodejs\npx.ps1:29 char:3
+   & $NODE_EXE $NPX_CLI_JS $args
+   ~~~~~~~~~~~~~~~~~~~~~~~~~~~~~
    + CategoryInfo          : NotSpecified: 
    (Error: Cannot a...y class `glass`:Str  
  ing) [], RemoteException
    + FullyQualifiedErrorId : NativeCommand 
   Error
 
    [2m[at onInvalidCandidate (E:\PROJECTS\
portfolio\node_modules\tailwindcss\dist\lib.
js:21:1511)][0m
    [2m[at Ee (E:\PROJECTS\portfolio\node_m
odules\tailwindcss\dist\lib.js:16:36740)][0
m
    [2m[at E:\PROJECTS\portfolio\node_modul
es\tailwindcss\dist\lib.js:21:355][0m
    [2m[at Pr (E:\PROJECTS\portfolio\node_m
odules\tailwindcss\dist\lib.js:3:1733)][0m
    [2m[at _ (E:\PROJECTS\portfolio\node_mo
dules\tailwindcss\dist\lib.js:3:1377)][0m
    [2m[at Te (E:\PROJECTS\portfolio\node_m
odules\tailwindcss\dist\lib.js:21:172)][0m
    [2m[at pn (E:\PROJECTS\portfolio\node_m
odules\tailwindcss\dist\lib.js:38:294)][0m
    [2m[at async dn (E:\PROJECTS\portfolio\
node_modules\tailwindcss\dist\lib.js:38:631)
][0m
    [2m[at async Xr (E:\PROJECTS\portfolio\
node_modules\@tailwindcss\node\dist\index.js
:10:3417)][0m
    [2m[at async N (E:\PROJECTS\portfolio\n
ode_modules\@tailwindcss\postcss\dist\index.
js:10:3979)][0m

> Build error occurred
Error: Turbopack build failed with 1 errors:
./app/globals.css
Error evaluating Node.js code
CssSyntaxError: tailwindcss: 
E:\PROJECTS\portfolio\app\globals.css:1:1: 
Cannot apply unknown utility class `glass`
    at Input.error 
(node_modules/postcss/lib/input.js:135:16) [
E:\PROJECTS\portfolio\.next\build\chunks\nod
e_modules_fe693df6._.js:4651:22]
    at Root.error 
(node_modules/postcss/lib/node.js:146:32) [E
:\PROJECTS\portfolio\.next\build\chunks\node
_modules_fe693df6._.js:928:38]
    [at Object.Once (E:\PROJECTS\portfolio\n
ode_modules\@tailwindcss\postcss\dist\index.
js:10:6913)]
    at async LazyResult.runAsync (node_modul
es/postcss/lib/lazy-result.js:293:11) [E:\PR
OJECTS\portfolio\.next\build\chunks\node_mod
ules_fe693df6._.js:6214:21]
    at async transform (turbopack:///[turbop
ack-node]/transforms/postcss.ts:70:34) [E:\P
ROJECTS\portfolio\.next\build\chunks\[root-o
f-the-server]__51225daf._.js:146:36]
    at async run (turbopack:///[turbopack-no
de]/ipc/evaluate.ts:92:23) [E:\PROJECTS\port
folio\.next\build\chunks\[root-of-the-server
]__974941ed._.js:443:31]

Import trace:
  Client Component Browser:
    ./app/globals.css [Client Component 
Browser]
    ./app/layout.tsx [Server Component]


    at async transform (turbopack:///[turbop
ack-node]/transforms/postcss.ts:70:34) [E:\P
ROJECTS\portfolio\.next\build\chunks\[root-o
f-the-server]__51225daf._.js:146:36])
    at async run (turbopack:///[turbopack-no
de]/ipc/evaluate.ts:92:23) [E:\PROJECTS\port
folio\.next\build\chunks\[root-of-the-server
]__974941ed._.js:443:31])
